// Jest Snapshot v1, https://goo.gl/fbAQLP

exports[`Lolomo big row row component renders correctly 1`] = `
<div
  className="sc-AxjAm bbcUpW"
/>
`;
