// Jest Snapshot v1, https://goo.gl/fbAQLP

exports[`Movie browser component renders correctly 1`] = `<div />`;
