// Jest Snapshot v1, https://goo.gl/fbAQLP

exports[`Notifications dropdown should render correctly 1`] = `<div />`;
