// Jest Snapshot v1, https://goo.gl/fbAQLP

exports[`Search box should render correctly 1`] = `
<div
  className="sc-fzoLsD hqjDOp"
>
  <button
    className="sc-AxgMl fUgHzy"
    onClick={[Function]}
  />
</div>
`;
