// Jest Snapshot v1, https://goo.gl/fbAQLP

exports[`Slider item should render correctly 1`] = `
<div
  className="sc-AxjAm jrPXsu"
/>
`;
